; Start tracing in transcript file
file/set-tui-version "21.2"
file/start-transcript "{transcript_file}"

; Set batch execution options
; 1. Ask to overwrite? | 2. Exit on error | 3. Hide questions?
file/set-batch-options no yes no

; Initialize the case
file/read-case {case_file}

; Define boundary conditions
define/boundary-conditions/pressure-inlet inlet yes no {P_0_in} no {P_0_in} no yes no no yes {turbulence_intensity_in} {viscosity_ratio_in} 
define/boundary-conditions/pressure-outlet outlet yes no {P_out} no yes no no yes {turbulence_intensity_in} {viscosity_ratio_in} no yes no no

; Define Barotropic Model expressions
define/named-expressions edit "rhomass_barotropic" description "{rhomass_description}" definition "{rhomass_expression}" q
define/named-expressions edit "viscosity_barotropic" description "{viscosity_description}" definition "{viscosity_expression}" q
define/named-expressions edit "speed_sound_barotropic" description "{speed_sound_description}" definition "{speed_sound_expression}" q

; Save integral quantities to file (use q to navigate to parent directory)
solve/report-files/edit/report-file-0 file-name "{report_file}" q
solve/set/advanced retain-cell-residuals yes q

; Initialize the flow
solve/initialize/initialize-flow
solve/initialize/hyb-initialization

; Run the simulation
solve/iterate {iter}

; Save case and data to file
file/write-case-data "{case_out_file}"

; Save XY plot files
plot/plot yes "{pressure_file}" yes no no pressure yes 1 0 wall axis ()
plot/plot yes "{density_file}" yes no no density yes 1 0 wall axis ()
plot/plot yes "{velocity_file}" yes no no velocity-magnitude yes 1 0 wall axis ()
plot/plot yes "{barotropic_density_file}" yes no no expr:rhomass_barotropic yes 1 0 wall axis ()
plot/plot yes "{barotropic_speed_sound_file}" yes no no expr:speed_sound_barotropic yes 1 0 wall axis ()
plot/plot yes "{barotropic_viscosity_file}" yes no no expr:viscosity_barotropic yes 1 0 wall axis ()

; Save residuals (only works with the GUI...)
; plot/residuals-set/plot-to-file ".\results\residuals.xy"
; solve/iterate 1

; Exit Fluent
exit yes

;q
;completed

