file/set-tui-version "21.2"
file/start-transcript "..\data_simulations\case_092_nitrogen_T130_00K_P42_50bar\2023_09_22_22_43_02\case_092.trn"
file/set-batch-options no yes no
file/read-case template_simoneau_hendricks_1979.cas.h5
define/boundary-conditions/pressure-inlet inlet yes no 4250000 no 4250000 no yes no no yes 5 10
define/boundary-conditions/pressure-outlet outlet yes no 580000 no yes no no yes 5 10 no yes no no
define/named-expressions edit "rhomass_barotropic" description "case_092_rhomass" definition "IF(AbsolutePressure>=1.877968e+04 [Pa],IF(AbsolutePressure>=3.380234e+06 [Pa],-2.676878e+03 + (AbsolutePressure/3.395800e+06 [Pa])*(+1.148781e+04 + (AbsolutePressure/3.395800e+06 [Pa])*(-1.829774e+04 + (AbsolutePressure/3.395800e+06 [Pa])*(+1.564266e+04 + (AbsolutePressure/3.395800e+06 [Pa])*(-7.506549e+03 + (AbsolutePressure/3.395800e+06 [Pa])*(+1.912760e+03 + (AbsolutePressure/3.395800e+06 [Pa])*(-2.019989e+02)))))),+8.271078e-01 + (AbsolutePressure/3.395800e+06 [Pa])*(+2.715566e+02 + (AbsolutePressure/3.395800e+06 [Pa])*(+2.966884e+00 + (AbsolutePressure/3.395800e+06 [Pa])*(-7.663485e+00 + (AbsolutePressure/3.395800e+06 [Pa])*(+4.236573e+02 + (AbsolutePressure/3.395800e+06 [Pa])*(-6.227099e+02 + (AbsolutePressure/3.395800e+06 [Pa])*(+2.924600e+02))))))),2.328977e+00*exp((AbsolutePressure - 1.877968e+04 [Pa])/3.395800e+06 [Pa])) * 1 [kg/m^3]" q
define/named-expressions edit "viscosity_barotropic" description "case_092_viscosity" definition "IF(AbsolutePressure>=1.877968e+04 [Pa],IF(AbsolutePressure>=3.380234e+06 [Pa],-1.929668e-04 + (AbsolutePressure/3.395800e+06 [Pa])*(+8.066815e-04 + (AbsolutePressure/3.395800e+06 [Pa])*(-1.283421e-03 + (AbsolutePressure/3.395800e+06 [Pa])*(+1.098200e-03 + (AbsolutePressure/3.395800e+06 [Pa])*(-5.273853e-04 + (AbsolutePressure/3.395800e+06 [Pa])*(+1.344518e-04 + (AbsolutePressure/3.395800e+06 [Pa])*(-1.420360e-05)))))),+4.906971e-06 + (AbsolutePressure/3.395800e+06 [Pa])*(+4.730045e-05 + (AbsolutePressure/3.395800e+06 [Pa])*(-1.778623e-04 + (AbsolutePressure/3.395800e+06 [Pa])*(+5.129490e-04 + (AbsolutePressure/3.395800e+06 [Pa])*(-7.935630e-04 + (AbsolutePressure/3.395800e+06 [Pa])*(+6.204505e-04 + (AbsolutePressure/3.395800e+06 [Pa])*(-1.928763e-04))))))),5.163201e-06*exp((AbsolutePressure - 1.877968e+04 [Pa])/3.395800e+06 [Pa])) * 1 [Pa*s]" q
define/named-expressions edit "speed_sound_barotropic" description "case_092_speed_sound" definition "IF(AbsolutePressure>=1.877968e+04 [Pa],IF(AbsolutePressure>=3.380234e+06 [Pa],-1.765322e+04 + (AbsolutePressure/3.395800e+06 [Pa])*(+6.800071e+04 + (AbsolutePressure/3.395800e+06 [Pa])*(-1.080403e+05 + (AbsolutePressure/3.395800e+06 [Pa])*(+9.136253e+04 + (AbsolutePressure/3.395800e+06 [Pa])*(-4.325900e+04 + (AbsolutePressure/3.395800e+06 [Pa])*(+1.086756e+04 + (AbsolutePressure/3.395800e+06 [Pa])*(-1.131469e+03)))))),+1.049374e+02 + (AbsolutePressure/3.395800e+06 [Pa])*(+1.797448e+02 + (AbsolutePressure/3.395800e+06 [Pa])*(-1.464833e+03 + (AbsolutePressure/3.395800e+06 [Pa])*(+4.884261e+03 + (AbsolutePressure/3.395800e+06 [Pa])*(-8.393828e+03 + (AbsolutePressure/3.395800e+06 [Pa])*(+7.129598e+03 + (AbsolutePressure/3.395800e+06 [Pa])*(-2.369514e+03))))))),1.058874e+02*exp((AbsolutePressure - 1.877968e+04 [Pa])/3.395800e+06 [Pa])) * 1 [m/s]" q
solve/report-files/edit/report-file-0 file-name "..\data_simulations\case_092_nitrogen_T130_00K_P42_50bar\2023_09_22_22_43_02\case_092.out" q
solve/set/advanced retain-cell-residuals yes q
solve/initialize/initialize-flow
solve/initialize/hyb-initialization
solve/iterate 2000
file/write-case-data "..\data_simulations\case_092_nitrogen_T130_00K_P42_50bar\2023_09_22_22_43_02\case_092.cas.h5"
plot/plot yes "..\data_simulations\case_092_nitrogen_T130_00K_P42_50bar\2023_09_22_22_43_02\case_092_pressure.xy" yes no no pressure yes 1 0 wall axis ()
plot/plot yes "..\data_simulations\case_092_nitrogen_T130_00K_P42_50bar\2023_09_22_22_43_02\case_092_density.xy" yes no no density yes 1 0 wall axis ()
plot/plot yes "..\data_simulations\case_092_nitrogen_T130_00K_P42_50bar\2023_09_22_22_43_02\case_092_velocity.xy" yes no no velocity-magnitude yes 1 0 wall axis ()
plot/plot yes "..\data_simulations\case_092_nitrogen_T130_00K_P42_50bar\2023_09_22_22_43_02\case_092_barotropic_density.xy" yes no no expr:rhomass_barotropic yes 1 0 wall axis ()
plot/plot yes "..\data_simulations\case_092_nitrogen_T130_00K_P42_50bar\2023_09_22_22_43_02\case_092_barotropic_speed_sound.xy" yes no no expr:speed_sound_barotropic yes 1 0 wall axis ()
plot/plot yes "..\data_simulations\case_092_nitrogen_T130_00K_P42_50bar\2023_09_22_22_43_02\case_092_barotropic_viscosity.xy" yes no no expr:viscosity_barotropic yes 1 0 wall axis ()
exit yes